[2026-03-10 08:32:30] [INFO] HackRore TechToolkit v10.0 Master started
[2026-03-10 08:32:30] [INFO] Starting system diagnostics...
[2026-03-10 08:32:30] [INFO] Loading diagnostic modules...
[2026-03-10 08:32:30] [INFO] Diagnostics complete. Health score: 0%
[2026-03-10 08:32:31] [INFO] HackRore TechToolkit ended
[2026-03-10 08:49:42] [INFO] HackRore TechToolkit v10.0 Master started
[2026-03-10 08:49:42] [INFO] Starting system diagnostics...
[2026-03-10 08:49:49] [INFO] Diagnostics complete. Health score: 95%
[2026-03-10 08:49:49] [INFO] HackRore TechToolkit ended
[2026-03-10 08:50:03] [INFO] HackRore TechToolkit v10.0 Master started
[2026-03-10 08:50:03] [INFO] Starting system diagnostics...
[2026-03-10 08:50:07] [INFO] Diagnostics complete. Health score: 90%
[2026-03-10 08:50:07] [INFO] HackRore TechToolkit ended
[2026-03-10 08:50:54] [INFO] HackRore TechToolkit v10.0 Master started
[2026-03-10 08:50:54] [INFO] Starting system diagnostics...
[2026-03-10 08:50:58] [INFO] Diagnostics complete. Health score: 90%
[2026-03-10 08:50:59] [INFO] HackRore TechToolkit ended
[2026-03-10 08:53:26] [INFO] HackRore TechToolkit v10.0 Master started
[2026-03-10 08:53:27] [INFO] Starting system diagnostics...
[2026-03-10 08:53:30] [INFO] Diagnostics complete. Health score: 95%
[2026-03-10 08:53:31] [INFO] HackRore TechToolkit ended
[2026-03-10 08:54:16] [INFO] HackRore TechToolkit v10.0 Master started
[2026-03-10 08:54:16] [INFO] Starting system diagnostics...
[2026-03-10 08:54:20] [INFO] Diagnostics complete. Health score: 95%
[2026-03-10 08:54:21] [INFO] HackRore TechToolkit ended
